2024-05-20 15:13:32,648 [Worker-0: Loading available Gradle versions] INFO  o.e.b.c.i.u.g.PublishedGradleVersions - Gradle version information cache is out-of-date. Trying to update.
2024-05-20 15:14:12,585 [Worker-27: Update Maven projects configuration] INFO  o.e.m.c.i.p.ProjectConfigurationManager - Update started
2024-05-20 15:14:13,567 [Worker-27: Update Maven projects configuration] INFO  o.e.m.c.i.l.LifecycleMappingFactory - Using org.eclipse.m2e.jdt.JarLifecycleMapping lifecycle mapping for MavenProject: org.hallsandservice:HallBookingManagement:1.0-SNAPSHOT @ D:\FinalConsoleProject\HallBookingManagement\HallBookingManagement\pom.xml.
2024-05-20 15:14:14,604 [Worker-27: Update Maven projects configuration] INFO  o.e.m.j.i.AbstractJavaProjectConfigurator - Adding source folder /HallBookingManagement/src/main/java
2024-05-20 15:14:14,605 [Worker-27: Update Maven projects configuration] INFO  o.e.m.j.i.AbstractJavaProjectConfigurator - Adding resource folder /HallBookingManagement/src/main/resources
2024-05-20 15:14:14,617 [Worker-27: Update Maven projects configuration] INFO  o.e.m.j.i.AbstractJavaProjectConfigurator - Adding source folder /HallBookingManagement/src/test/java
2024-05-20 15:14:14,618 [Worker-27: Update Maven projects configuration] INFO  o.e.m.j.i.AbstractJavaProjectConfigurator - Adding resource folder /HallBookingManagement/src/test/resources
2024-05-20 15:14:15,760 [Worker-18: Download sources and javadoc] INFO  o.e.m.c.i.e.AbstractTransferListenerAdapter - Downloading https://repo.maven.apache.org/maven2/com/oracle/database/jdbc/ojdbc8/23.2.0.0/ojdbc8-23.2.0.0-sources.jar
2024-05-20 15:14:15,775 [Worker-18: Download sources and javadoc] INFO  o.e.m.c.i.e.AbstractTransferListenerAdapter - Downloaded https://repo.maven.apache.org/maven2/com/oracle/database/jdbc/ojdbc8/23.2.0.0/ojdbc8-23.2.0.0-sources.jar
2024-05-20 15:14:15,781 [Worker-18: Download sources and javadoc] INFO  o.e.m.j.internal.DownloadSourcesJob - Downloaded sources for com.oracle.database.jdbc:ojdbc8:23.2.0.0
2024-05-20 15:14:16,221 [Worker-27: Update Maven projects configuration] INFO  o.e.m.c.i.p.ProjectConfigurationManager - Update completed for 1 poms: local refresh takes 0.00 sec, refresh facades takes 1.00 sec, update config takes 1.00 sec 
2024-05-20 15:14:16,717 [Worker-5: Building] INFO  o.a.m.s.f.DefaultMavenResourcesFiltering - Copying 0 resource from src\main\resources to target\classes
2024-05-20 15:14:16,723 [Worker-5: Building] INFO  o.a.m.s.f.DefaultMavenResourcesFiltering - skip non existing resourceDirectory D:\FinalConsoleProject\HallBookingManagement\HallBookingManagement\src\test\resources
2024-06-12 10:48:54,193 [Worker-10: Loading available Gradle versions] INFO  o.e.b.c.i.u.g.PublishedGradleVersions - Gradle version information cache is out-of-date. Trying to update.
2024-06-12 10:49:09,438 [Worker-9: Building] INFO  o.a.m.s.f.DefaultMavenResourcesFiltering - Copying 0 resource from src\main\resources to target\classes
2024-06-12 10:49:09,456 [Worker-9: Building] INFO  o.a.m.s.f.DefaultMavenResourcesFiltering - skip non existing resourceDirectory D:\FinalConsoleProject\HallBookingManagement\HallBookingManagement\src\test\resources
2024-06-12 13:12:00,837 [ModalContext] INFO  o.e.m.c.i.e.AbstractTransferListenerAdapter - Downloading https://repo.maven.apache.org/maven2/org/apache/maven/archetypes/maven-archetype-webapp/1.0/maven-archetype-webapp-1.0.pom
2024-06-12 13:12:00,901 [ModalContext] INFO  o.e.m.c.i.e.AbstractTransferListenerAdapter - Downloaded https://repo.maven.apache.org/maven2/org/apache/maven/archetypes/maven-archetype-webapp/1.0/maven-archetype-webapp-1.0.pom
2024-06-12 13:12:00,981 [ModalContext] INFO  o.e.m.c.i.e.AbstractTransferListenerAdapter - Downloading https://repo.maven.apache.org/maven2/org/apache/maven/archetypes/maven-archetype-bundles/2/maven-archetype-bundles-2.pom
2024-06-12 13:12:00,988 [ModalContext] INFO  o.e.m.c.i.e.AbstractTransferListenerAdapter - Downloaded https://repo.maven.apache.org/maven2/org/apache/maven/archetypes/maven-archetype-bundles/2/maven-archetype-bundles-2.pom
2024-06-12 13:12:01,039 [ModalContext] INFO  o.e.m.c.i.e.AbstractTransferListenerAdapter - Downloading https://repo.maven.apache.org/maven2/org/apache/maven/archetype/maven-archetype-parent/1/maven-archetype-parent-1.pom
2024-06-12 13:12:01,041 [ModalContext] INFO  o.e.m.c.i.e.AbstractTransferListenerAdapter - Downloaded https://repo.maven.apache.org/maven2/org/apache/maven/archetype/maven-archetype-parent/1/maven-archetype-parent-1.pom
2024-06-12 13:12:01,093 [ModalContext] INFO  o.e.m.c.i.e.AbstractTransferListenerAdapter - Downloading https://repo.maven.apache.org/maven2/org/apache/maven/maven-parent/4/maven-parent-4.pom
2024-06-12 13:12:01,100 [ModalContext] INFO  o.e.m.c.i.e.AbstractTransferListenerAdapter - Downloaded https://repo.maven.apache.org/maven2/org/apache/maven/maven-parent/4/maven-parent-4.pom
2024-06-12 13:12:01,166 [ModalContext] INFO  o.e.m.c.i.e.AbstractTransferListenerAdapter - Downloading https://repo.maven.apache.org/maven2/org/apache/maven/archetypes/maven-archetype-webapp/1.0/maven-archetype-webapp-1.0.jar
2024-06-12 13:12:01,171 [ModalContext] INFO  o.e.m.c.i.e.AbstractTransferListenerAdapter - Downloaded https://repo.maven.apache.org/maven2/org/apache/maven/archetypes/maven-archetype-webapp/1.0/maven-archetype-webapp-1.0.jar
2024-06-12 13:13:48,173 [Worker-47: Launching mavenrun-58f7a037-be2b-4ed5-b543-f0e6fdbed7b4] INFO  o.eclipse.m2e.core.internal.Bundles - getClasspathEntries(Bundle=org.eclipse.m2e.maven.runtime_3.9.500.20231113-2345 [295])
2024-06-12 13:13:48,179 [Worker-47: Launching mavenrun-58f7a037-be2b-4ed5-b543-f0e6fdbed7b4] INFO  o.eclipse.m2e.core.internal.Bundles - 	Entry: C:\Users\Sanjai\.p2\pool\plugins\org.eclipse.m2e.maven.runtime_3.9.500.20231113-2345
2024-06-12 13:13:48,179 [Worker-47: Launching mavenrun-58f7a037-be2b-4ed5-b543-f0e6fdbed7b4] INFO  o.eclipse.m2e.core.internal.Bundles - 	Entry: C:\Users\Sanjai\.p2\pool\plugins\org.eclipse.m2e.maven.runtime_3.9.500.20231113-2345\jars\aopalliance-1.0.jar
2024-06-12 13:13:48,180 [Worker-47: Launching mavenrun-58f7a037-be2b-4ed5-b543-f0e6fdbed7b4] INFO  o.eclipse.m2e.core.internal.Bundles - 	Entry: C:\Users\Sanjai\.p2\pool\plugins\org.eclipse.m2e.maven.runtime_3.9.500.20231113-2345\jars\guice-5.1.0.jar
2024-06-12 13:13:48,180 [Worker-47: Launching mavenrun-58f7a037-be2b-4ed5-b543-f0e6fdbed7b4] INFO  o.eclipse.m2e.core.internal.Bundles - 	Entry: C:\Users\Sanjai\.p2\pool\plugins\org.eclipse.m2e.maven.runtime_3.9.500.20231113-2345\jars\httpclient-4.5.14.jar
2024-06-12 13:13:48,181 [Worker-47: Launching mavenrun-58f7a037-be2b-4ed5-b543-f0e6fdbed7b4] INFO  o.eclipse.m2e.core.internal.Bundles - 	Entry: C:\Users\Sanjai\.p2\pool\plugins\org.eclipse.m2e.maven.runtime_3.9.500.20231113-2345\jars\httpcore-4.4.16.jar
2024-06-12 13:13:48,182 [Worker-47: Launching mavenrun-58f7a037-be2b-4ed5-b543-f0e6fdbed7b4] INFO  o.eclipse.m2e.core.internal.Bundles - 	Entry: C:\Users\Sanjai\.p2\pool\plugins\org.eclipse.m2e.maven.runtime_3.9.500.20231113-2345\jars\jansi-2.4.0.jar
2024-06-12 13:13:48,182 [Worker-47: Launching mavenrun-58f7a037-be2b-4ed5-b543-f0e6fdbed7b4] INFO  o.eclipse.m2e.core.internal.Bundles - 	Entry: C:\Users\Sanjai\.p2\pool\plugins\org.eclipse.m2e.maven.runtime_3.9.500.20231113-2345\jars\jcl-over-slf4j-1.7.36.jar
2024-06-12 13:13:48,182 [Worker-47: Launching mavenrun-58f7a037-be2b-4ed5-b543-f0e6fdbed7b4] INFO  o.eclipse.m2e.core.internal.Bundles - 	Entry: C:\Users\Sanjai\.p2\pool\plugins\org.eclipse.m2e.maven.runtime_3.9.500.20231113-2345\jars\maven-artifact-3.9.5.jar
2024-06-12 13:13:48,182 [Worker-47: Launching mavenrun-58f7a037-be2b-4ed5-b543-f0e6fdbed7b4] INFO  o.eclipse.m2e.core.internal.Bundles - 	Entry: C:\Users\Sanjai\.p2\pool\plugins\org.eclipse.m2e.maven.runtime_3.9.500.20231113-2345\jars\maven-builder-support-3.9.5.jar
2024-06-12 13:13:48,183 [Worker-47: Launching mavenrun-58f7a037-be2b-4ed5-b543-f0e6fdbed7b4] INFO  o.eclipse.m2e.core.internal.Bundles - 	Entry: C:\Users\Sanjai\.p2\pool\plugins\org.eclipse.m2e.maven.runtime_3.9.500.20231113-2345\jars\maven-compat-3.9.5.jar
2024-06-12 13:13:48,183 [Worker-47: Launching mavenrun-58f7a037-be2b-4ed5-b543-f0e6fdbed7b4] INFO  o.eclipse.m2e.core.internal.Bundles - 	Entry: C:\Users\Sanjai\.p2\pool\plugins\org.eclipse.m2e.maven.runtime_3.9.500.20231113-2345\jars\maven-core-3.9.5.jar
2024-06-12 13:13:48,184 [Worker-47: Launching mavenrun-58f7a037-be2b-4ed5-b543-f0e6fdbed7b4] INFO  o.eclipse.m2e.core.internal.Bundles - 	Entry: C:\Users\Sanjai\.p2\pool\plugins\org.eclipse.m2e.maven.runtime_3.9.500.20231113-2345\jars\maven-embedder-3.9.5.jar
2024-06-12 13:13:48,185 [Worker-47: Launching mavenrun-58f7a037-be2b-4ed5-b543-f0e6fdbed7b4] INFO  o.eclipse.m2e.core.internal.Bundles - 	Entry: C:\Users\Sanjai\.p2\pool\plugins\org.eclipse.m2e.maven.runtime_3.9.500.20231113-2345\jars\maven-model-3.9.5.jar
2024-06-12 13:13:48,185 [Worker-47: Launching mavenrun-58f7a037-be2b-4ed5-b543-f0e6fdbed7b4] INFO  o.eclipse.m2e.core.internal.Bundles - 	Entry: C:\Users\Sanjai\.p2\pool\plugins\org.eclipse.m2e.maven.runtime_3.9.500.20231113-2345\jars\maven-model-builder-3.9.5.jar
2024-06-12 13:13:48,185 [Worker-47: Launching mavenrun-58f7a037-be2b-4ed5-b543-f0e6fdbed7b4] INFO  o.eclipse.m2e.core.internal.Bundles - 	Entry: C:\Users\Sanjai\.p2\pool\plugins\org.eclipse.m2e.maven.runtime_3.9.500.20231113-2345\jars\maven-plugin-api-3.9.5.jar
2024-06-12 13:13:48,185 [Worker-47: Launching mavenrun-58f7a037-be2b-4ed5-b543-f0e6fdbed7b4] INFO  o.eclipse.m2e.core.internal.Bundles - 	Entry: C:\Users\Sanjai\.p2\pool\plugins\org.eclipse.m2e.maven.runtime_3.9.500.20231113-2345\jars\maven-repository-metadata-3.9.5.jar
2024-06-12 13:13:48,185 [Worker-47: Launching mavenrun-58f7a037-be2b-4ed5-b543-f0e6fdbed7b4] INFO  o.eclipse.m2e.core.internal.Bundles - 	Entry: C:\Users\Sanjai\.p2\pool\plugins\org.eclipse.m2e.maven.runtime_3.9.500.20231113-2345\jars\maven-resolver-api-1.9.16.jar
2024-06-12 13:13:48,185 [Worker-47: Launching mavenrun-58f7a037-be2b-4ed5-b543-f0e6fdbed7b4] INFO  o.eclipse.m2e.core.internal.Bundles - 	Entry: C:\Users\Sanjai\.p2\pool\plugins\org.eclipse.m2e.maven.runtime_3.9.500.20231113-2345\jars\maven-resolver-connector-basic-1.9.16.jar
2024-06-12 13:13:48,186 [Worker-47: Launching mavenrun-58f7a037-be2b-4ed5-b543-f0e6fdbed7b4] INFO  o.eclipse.m2e.core.internal.Bundles - 	Entry: C:\Users\Sanjai\.p2\pool\plugins\org.eclipse.m2e.maven.runtime_3.9.500.20231113-2345\jars\maven-resolver-impl-1.9.16.jar
2024-06-12 13:13:48,186 [Worker-47: Launching mavenrun-58f7a037-be2b-4ed5-b543-f0e6fdbed7b4] INFO  o.eclipse.m2e.core.internal.Bundles - 	Entry: C:\Users\Sanjai\.p2\pool\plugins\org.eclipse.m2e.maven.runtime_3.9.500.20231113-2345\jars\maven-resolver-named-locks-1.9.16.jar
2024-06-12 13:13:48,186 [Worker-47: Launching mavenrun-58f7a037-be2b-4ed5-b543-f0e6fdbed7b4] INFO  o.eclipse.m2e.core.internal.Bundles - 	Entry: C:\Users\Sanjai\.p2\pool\plugins\org.eclipse.m2e.maven.runtime_3.9.500.20231113-2345\jars\maven-resolver-provider-3.9.5.jar
2024-06-12 13:13:48,186 [Worker-47: Launching mavenrun-58f7a037-be2b-4ed5-b543-f0e6fdbed7b4] INFO  o.eclipse.m2e.core.internal.Bundles - 	Entry: C:\Users\Sanjai\.p2\pool\plugins\org.eclipse.m2e.maven.runtime_3.9.500.20231113-2345\jars\maven-resolver-spi-1.9.16.jar
2024-06-12 13:13:48,186 [Worker-47: Launching mavenrun-58f7a037-be2b-4ed5-b543-f0e6fdbed7b4] INFO  o.eclipse.m2e.core.internal.Bundles - 	Entry: C:\Users\Sanjai\.p2\pool\plugins\org.eclipse.m2e.maven.runtime_3.9.500.20231113-2345\jars\maven-resolver-transport-file-1.9.16.jar
2024-06-12 13:13:48,187 [Worker-47: Launching mavenrun-58f7a037-be2b-4ed5-b543-f0e6fdbed7b4] INFO  o.eclipse.m2e.core.internal.Bundles - 	Entry: C:\Users\Sanjai\.p2\pool\plugins\org.eclipse.m2e.maven.runtime_3.9.500.20231113-2345\jars\maven-resolver-transport-http-1.9.16.jar
2024-06-12 13:13:48,187 [Worker-47: Launching mavenrun-58f7a037-be2b-4ed5-b543-f0e6fdbed7b4] INFO  o.eclipse.m2e.core.internal.Bundles - 	Entry: C:\Users\Sanjai\.p2\pool\plugins\org.eclipse.m2e.maven.runtime_3.9.500.20231113-2345\jars\maven-resolver-transport-wagon-1.9.16.jar
2024-06-12 13:13:48,187 [Worker-47: Launching mavenrun-58f7a037-be2b-4ed5-b543-f0e6fdbed7b4] INFO  o.eclipse.m2e.core.internal.Bundles - 	Entry: C:\Users\Sanjai\.p2\pool\plugins\org.eclipse.m2e.maven.runtime_3.9.500.20231113-2345\jars\maven-resolver-util-1.9.16.jar
2024-06-12 13:13:48,188 [Worker-47: Launching mavenrun-58f7a037-be2b-4ed5-b543-f0e6fdbed7b4] INFO  o.eclipse.m2e.core.internal.Bundles - 	Entry: C:\Users\Sanjai\.p2\pool\plugins\org.eclipse.m2e.maven.runtime_3.9.500.20231113-2345\jars\maven-settings-3.9.5.jar
2024-06-12 13:13:48,188 [Worker-47: Launching mavenrun-58f7a037-be2b-4ed5-b543-f0e6fdbed7b4] INFO  o.eclipse.m2e.core.internal.Bundles - 	Entry: C:\Users\Sanjai\.p2\pool\plugins\org.eclipse.m2e.maven.runtime_3.9.500.20231113-2345\jars\maven-settings-builder-3.9.5.jar
2024-06-12 13:13:48,189 [Worker-47: Launching mavenrun-58f7a037-be2b-4ed5-b543-f0e6fdbed7b4] INFO  o.eclipse.m2e.core.internal.Bundles - 	Entry: C:\Users\Sanjai\.p2\pool\plugins\org.eclipse.m2e.maven.runtime_3.9.500.20231113-2345\jars\maven-shared-utils-3.3.4.jar
2024-06-12 13:13:48,189 [Worker-47: Launching mavenrun-58f7a037-be2b-4ed5-b543-f0e6fdbed7b4] INFO  o.eclipse.m2e.core.internal.Bundles - 	Entry: C:\Users\Sanjai\.p2\pool\plugins\org.eclipse.m2e.maven.runtime_3.9.500.20231113-2345\jars\org.eclipse.sisu.inject-0.3.5.jar
2024-06-12 13:13:48,189 [Worker-47: Launching mavenrun-58f7a037-be2b-4ed5-b543-f0e6fdbed7b4] INFO  o.eclipse.m2e.core.internal.Bundles - 	Entry: C:\Users\Sanjai\.p2\pool\plugins\org.eclipse.m2e.maven.runtime_3.9.500.20231113-2345\jars\org.eclipse.sisu.plexus-0.3.5.jar
2024-06-12 13:13:48,190 [Worker-47: Launching mavenrun-58f7a037-be2b-4ed5-b543-f0e6fdbed7b4] INFO  o.eclipse.m2e.core.internal.Bundles - 	Entry: C:\Users\Sanjai\.p2\pool\plugins\org.eclipse.m2e.maven.runtime_3.9.500.20231113-2345\jars\plexus-build-api-0.0.7.jar
2024-06-12 13:13:48,190 [Worker-47: Launching mavenrun-58f7a037-be2b-4ed5-b543-f0e6fdbed7b4] INFO  o.eclipse.m2e.core.internal.Bundles - 	Entry: C:\Users\Sanjai\.p2\pool\plugins\org.eclipse.m2e.maven.runtime_3.9.500.20231113-2345\jars\plexus-cipher-2.0.jar
2024-06-12 13:13:48,190 [Worker-47: Launching mavenrun-58f7a037-be2b-4ed5-b543-f0e6fdbed7b4] INFO  o.eclipse.m2e.core.internal.Bundles - 	Entry: C:\Users\Sanjai\.p2\pool\plugins\org.eclipse.m2e.maven.runtime_3.9.500.20231113-2345\jars\plexus-classworlds-2.7.0.jar
2024-06-12 13:13:48,191 [Worker-47: Launching mavenrun-58f7a037-be2b-4ed5-b543-f0e6fdbed7b4] INFO  o.eclipse.m2e.core.internal.Bundles - 	Entry: C:\Users\Sanjai\.p2\pool\plugins\org.eclipse.m2e.maven.runtime_3.9.500.20231113-2345\jars\plexus-component-annotations-2.1.0.jar
2024-06-12 13:13:48,191 [Worker-47: Launching mavenrun-58f7a037-be2b-4ed5-b543-f0e6fdbed7b4] INFO  o.eclipse.m2e.core.internal.Bundles - 	Entry: C:\Users\Sanjai\.p2\pool\plugins\org.eclipse.m2e.maven.runtime_3.9.500.20231113-2345\jars\plexus-interpolation-1.26.jar
2024-06-12 13:13:48,191 [Worker-47: Launching mavenrun-58f7a037-be2b-4ed5-b543-f0e6fdbed7b4] INFO  o.eclipse.m2e.core.internal.Bundles - 	Entry: C:\Users\Sanjai\.p2\pool\plugins\org.eclipse.m2e.maven.runtime_3.9.500.20231113-2345\jars\plexus-sec-dispatcher-2.0.jar
2024-06-12 13:13:48,191 [Worker-47: Launching mavenrun-58f7a037-be2b-4ed5-b543-f0e6fdbed7b4] INFO  o.eclipse.m2e.core.internal.Bundles - 	Entry: C:\Users\Sanjai\.p2\pool\plugins\org.eclipse.m2e.maven.runtime_3.9.500.20231113-2345\jars\plexus-utils-3.5.1.jar
2024-06-12 13:13:48,191 [Worker-47: Launching mavenrun-58f7a037-be2b-4ed5-b543-f0e6fdbed7b4] INFO  o.eclipse.m2e.core.internal.Bundles - 	Entry: C:\Users\Sanjai\.p2\pool\plugins\org.eclipse.m2e.maven.runtime_3.9.500.20231113-2345\jars\wagon-file-3.5.3.jar
2024-06-12 13:13:48,192 [Worker-47: Launching mavenrun-58f7a037-be2b-4ed5-b543-f0e6fdbed7b4] INFO  o.eclipse.m2e.core.internal.Bundles - 	Entry: C:\Users\Sanjai\.p2\pool\plugins\org.eclipse.m2e.maven.runtime_3.9.500.20231113-2345\jars\wagon-http-3.5.3.jar
2024-06-12 13:13:48,192 [Worker-47: Launching mavenrun-58f7a037-be2b-4ed5-b543-f0e6fdbed7b4] INFO  o.eclipse.m2e.core.internal.Bundles - 	Entry: C:\Users\Sanjai\.p2\pool\plugins\org.eclipse.m2e.maven.runtime_3.9.500.20231113-2345\jars\wagon-http-shared-3.5.3.jar
2024-06-12 13:13:48,192 [Worker-47: Launching mavenrun-58f7a037-be2b-4ed5-b543-f0e6fdbed7b4] INFO  o.eclipse.m2e.core.internal.Bundles - 	Entry: C:\Users\Sanjai\.p2\pool\plugins\org.eclipse.m2e.maven.runtime_3.9.500.20231113-2345\jars\wagon-provider-api-3.5.3.jar
2024-06-12 13:13:48,196 [Worker-47: Launching mavenrun-58f7a037-be2b-4ed5-b543-f0e6fdbed7b4] INFO  o.eclipse.m2e.core.internal.Bundles - getClasspathEntries(Bundle=com.google.guava_32.1.3.jre [10])
2024-06-12 13:13:48,197 [Worker-47: Launching mavenrun-58f7a037-be2b-4ed5-b543-f0e6fdbed7b4] INFO  o.eclipse.m2e.core.internal.Bundles - 	Entry: C:\Users\Sanjai\.p2\pool\plugins\com.google.guava_32.1.3.jre.jar
2024-06-12 13:13:48,197 [Worker-47: Launching mavenrun-58f7a037-be2b-4ed5-b543-f0e6fdbed7b4] INFO  o.eclipse.m2e.core.internal.Bundles - getClasspathEntries(Bundle=slf4j.api_2.0.9 [515])
2024-06-12 13:13:48,198 [Worker-47: Launching mavenrun-58f7a037-be2b-4ed5-b543-f0e6fdbed7b4] INFO  o.eclipse.m2e.core.internal.Bundles - 	Entry: C:\Users\Sanjai\.p2\pool\plugins\slf4j.api_2.0.9.jar
2024-06-12 13:13:48,198 [Worker-47: Launching mavenrun-58f7a037-be2b-4ed5-b543-f0e6fdbed7b4] INFO  o.eclipse.m2e.core.internal.Bundles - getClasspathEntries(Bundle=jakarta.inject.jakarta.inject-api_1.0.5 [22])
2024-06-12 13:13:48,198 [Worker-47: Launching mavenrun-58f7a037-be2b-4ed5-b543-f0e6fdbed7b4] INFO  o.eclipse.m2e.core.internal.Bundles - 	Entry: C:\Users\Sanjai\.p2\pool\plugins\jakarta.inject.jakarta.inject-api_1.0.5.jar
2024-06-12 13:13:48,198 [Worker-47: Launching mavenrun-58f7a037-be2b-4ed5-b543-f0e6fdbed7b4] INFO  o.eclipse.m2e.core.internal.Bundles - getClasspathEntries(Bundle=jakarta.annotation-api_1.3.5 [20])
2024-06-12 13:13:48,199 [Worker-47: Launching mavenrun-58f7a037-be2b-4ed5-b543-f0e6fdbed7b4] INFO  o.eclipse.m2e.core.internal.Bundles - 	Entry: C:\Users\Sanjai\.p2\pool\plugins\jakarta.annotation-api_1.3.5.jar
2024-06-12 13:13:48,199 [Worker-47: Launching mavenrun-58f7a037-be2b-4ed5-b543-f0e6fdbed7b4] INFO  o.eclipse.m2e.core.internal.Bundles - getClasspathEntries(Bundle=org.apache.commons.cli_1.6.0 [46])
2024-06-12 13:13:48,199 [Worker-47: Launching mavenrun-58f7a037-be2b-4ed5-b543-f0e6fdbed7b4] INFO  o.eclipse.m2e.core.internal.Bundles - 	Entry: C:\Users\Sanjai\.p2\pool\plugins\org.apache.commons.cli_1.6.0.jar
2024-06-12 13:13:48,199 [Worker-47: Launching mavenrun-58f7a037-be2b-4ed5-b543-f0e6fdbed7b4] INFO  o.eclipse.m2e.core.internal.Bundles - getClasspathEntries(Bundle=org.apache.commons.commons-codec_1.16.0 [48])
2024-06-12 13:13:48,200 [Worker-47: Launching mavenrun-58f7a037-be2b-4ed5-b543-f0e6fdbed7b4] INFO  o.eclipse.m2e.core.internal.Bundles - 	Entry: C:\Users\Sanjai\.p2\pool\plugins\org.apache.commons.commons-codec_1.16.0.jar
2024-06-12 13:13:48,200 [Worker-47: Launching mavenrun-58f7a037-be2b-4ed5-b543-f0e6fdbed7b4] INFO  o.eclipse.m2e.core.internal.Bundles - getClasspathEntries(Bundle=org.apache.commons.lang3_3.13.0 [53])
2024-06-12 13:13:48,201 [Worker-47: Launching mavenrun-58f7a037-be2b-4ed5-b543-f0e6fdbed7b4] INFO  o.eclipse.m2e.core.internal.Bundles - 	Entry: C:\Users\Sanjai\.p2\pool\plugins\org.apache.commons.lang3_3.13.0.jar
2024-06-12 13:13:48,201 [Worker-47: Launching mavenrun-58f7a037-be2b-4ed5-b543-f0e6fdbed7b4] INFO  o.eclipse.m2e.core.internal.Bundles - getClasspathEntries(Bundle=com.google.guava.failureaccess_1.0.2 [11])
2024-06-12 13:13:48,201 [Worker-47: Launching mavenrun-58f7a037-be2b-4ed5-b543-f0e6fdbed7b4] INFO  o.eclipse.m2e.core.internal.Bundles - 	Entry: C:\Users\Sanjai\.p2\pool\plugins\com.google.guava.failureaccess_1.0.2.jar
2024-06-12 13:13:48,211 [Worker-47: Launching mavenrun-58f7a037-be2b-4ed5-b543-f0e6fdbed7b4] INFO  o.e.m.i.launch.MavenLaunchDelegate - Run build in "C:\Users\Sanjai\AppData\Local\Temp\m2e-archetypeGenerator11199234664200240486":
2024-06-12 13:13:48,217 [Worker-47: Launching mavenrun-58f7a037-be2b-4ed5-b543-f0e6fdbed7b4] INFO  o.e.m.i.launch.MavenLaunchDelegate -  mvn  -DarchetypeGroupId=org.apache.maven.archetypes -DarchetypeArtifactId=maven-archetype-webapp -DarchetypeVersion=1.0 -DgroupId=com.demoproject -DartifactId=hallbookingman -Dversion=0.0.1-SNAPSHOT -Dpackage=com.hallbookingmanagementsystem -DoutputDirectory="D:\FinalConsoleProject\HallBookingManagement - Copy" -Dstyle.color=always -U archetype:generate
2024-06-12 13:13:59,874 [Worker-44: Creating maven-archetype-webapp] INFO  o.e.m.c.i.p.ProjectConfigurationManager - Collecting project info '/pom.xml' D:\FinalConsoleProject\HallBookingManagement - Copy\hallbookingman\pom.xml
2024-06-12 13:14:00,389 [Worker-44: Creating maven-archetype-webapp] INFO  o.e.m.c.i.e.AbstractTransferListenerAdapter - Downloading https://repo.maven.apache.org/maven2/org/apache/maven/plugins/maven-war-plugin/3.4.0/maven-war-plugin-3.4.0.jar
2024-06-12 13:14:00,437 [Worker-44: Creating maven-archetype-webapp] INFO  o.e.m.c.i.e.AbstractTransferListenerAdapter - Downloaded https://repo.maven.apache.org/maven2/org/apache/maven/plugins/maven-war-plugin/3.4.0/maven-war-plugin-3.4.0.jar
2024-06-12 13:14:00,724 [Worker-44: Creating maven-archetype-webapp] INFO  o.e.m.c.i.l.LifecycleMappingFactory - Using org.eclipse.m2e.jdt.JarLifecycleMapping lifecycle mapping for MavenProject: com.demoproject:hallbookingman:0.0.1-SNAPSHOT @ D:\FinalConsoleProject\HallBookingManagement - Copy\hallbookingman\pom.xml.
2024-06-12 13:14:00,790 [Worker-44: Creating maven-archetype-webapp] INFO  o.e.m.j.i.AbstractJavaProjectConfigurator - Adding source folder /hallbookingman/src/main/java
2024-06-12 13:14:00,790 [Worker-44: Creating maven-archetype-webapp] INFO  o.e.m.j.i.AbstractJavaProjectConfigurator - Adding resource folder /hallbookingman/src/main/resources
2024-06-12 13:14:00,791 [Worker-44: Creating maven-archetype-webapp] INFO  o.e.m.j.i.AbstractJavaProjectConfigurator - Adding source folder /hallbookingman/src/test/java
2024-06-12 13:14:00,792 [Worker-44: Creating maven-archetype-webapp] INFO  o.e.m.j.i.AbstractJavaProjectConfigurator - Adding resource folder /hallbookingman/src/test/resources
2024-06-12 13:14:00,898 [Worker-44: Creating maven-archetype-webapp] INFO  o.e.m.c.i.p.ProjectConfigurationManager - Imported and configured 1 project(s) in 1 sec
2024-06-12 13:14:01,085 [Worker-52: Building] WARN  o.a.m.s.f.DefaultMavenResourcesFiltering - Using platform encoding (UTF-8 actually) to copy filtered resources, i.e. build is platform dependent!
2024-06-12 13:14:01,086 [Worker-52: Building] INFO  o.a.m.s.f.DefaultMavenResourcesFiltering - Copying 0 resource from src\main\resources to target\classes
2024-06-12 13:14:01,091 [Worker-52: Building] WARN  o.a.m.s.f.DefaultMavenResourcesFiltering - Using platform encoding (UTF-8 actually) to copy filtered resources, i.e. build is platform dependent!
2024-06-12 13:14:01,092 [Worker-52: Building] INFO  o.a.m.s.f.DefaultMavenResourcesFiltering - skip non existing resourceDirectory D:\FinalConsoleProject\HallBookingManagement - Copy\hallbookingman\src\test\resources
2024-06-12 13:15:33,967 [Worker-50: Building] INFO  o.e.m.c.i.l.LifecycleMappingFactory - Using org.eclipse.m2e.jdt.JarLifecycleMapping lifecycle mapping for MavenProject: com.demoproject:hallbookingman:0.0.1-SNAPSHOT @ D:\FinalConsoleProject\HallBookingManagement - Copy\hallbookingmanagementsystem\pom.xml.
2024-06-12 13:15:33,991 [Worker-50: Building] WARN  o.a.m.s.f.DefaultMavenResourcesFiltering - Using platform encoding (UTF-8 actually) to copy filtered resources, i.e. build is platform dependent!
2024-06-12 13:15:33,992 [Worker-50: Building] INFO  o.a.m.s.f.DefaultMavenResourcesFiltering - Copying 0 resource from src\main\resources to target\classes
2024-06-12 13:15:33,996 [Worker-50: Building] WARN  o.a.m.s.f.DefaultMavenResourcesFiltering - Using platform encoding (UTF-8 actually) to copy filtered resources, i.e. build is platform dependent!
2024-06-12 13:15:33,997 [Worker-50: Building] INFO  o.a.m.s.f.DefaultMavenResourcesFiltering - skip non existing resourceDirectory D:\FinalConsoleProject\HallBookingManagement - Copy\hallbookingmanagementsystem\src\test\resources
2024-06-12 14:43:06,462 [Worker-6: Loading available Gradle versions] INFO  o.e.b.c.i.u.g.PublishedGradleVersions - Gradle version information cache is up-to-date. Trying to read.
2024-06-12 16:12:40,687 [Worker-7: Loading available Gradle versions] INFO  o.e.b.c.i.u.g.PublishedGradleVersions - Gradle version information cache is up-to-date. Trying to read.
2024-06-20 11:35:50,354 [Worker-9: Loading available Gradle versions] INFO  o.e.b.c.i.u.g.PublishedGradleVersions - Gradle version information cache is up-to-date. Trying to read.
